#
# A fatal error has been detected by the Java Runtime Environment:
#
#  EXCEPTION_ACCESS_VIOLATION (0xc0000005) at pc=0x00007ffa75301f3b, pid=8776, tid=14396
#
# JRE version: Java(TM) SE Runtime Environment (25.0.2+10) (build 25.0.2+10-LTS-69)
# Java VM: Java HotSpot(TM) 64-Bit Server VM (25.0.2+10-LTS-69, mixed mode, sharing, tiered, compressed oops, compressed class ptrs, g1 gc, windows-amd64)
# Problematic frame:
# V  [jvm.dll+0x271f3b]
#
# No core dump will be written. Minidumps are not enabled by default on client versions of Windows
#
# If you would like to submit a bug report, please visit:
#   https://bugreport.java.com/bugreport/crash.jsp
#

---------------  S U M M A R Y ------------

Command Line: -javaagent:C:\Program Files\JetBrains\IntelliJ IDEA Community Edition 2025.2.6.2\lib\idea_rt.jar=65226 -Dfile.encoding=UTF-8 -Dsun.stdout.encoding=UTF-8 -Dsun.stderr.encoding=UTF-8 com.example.imagemPecas.ImagemPecasApplication

Host: Intel(R) Core(TM) i5-9500 CPU @ 3.00GHz, 6 cores, 15G,  Windows 11 , 64 bit Build 26100 (10.0.26100.9168)
Time: Thu Sep  3 20:52:46 2026 Hora oficial do Brasil elapsed time: 2.061134 seconds (0d 0h 0m 2s)

---------------  T H R E A D  ---------------

Current thread (0x00000201a2ab7140):  JavaThread "C2 CompilerThread0" daemon [_thread_in_vm, id=14396, stack(0x00000034cb000000,0x00000034cb100000) (1024K)]


Current CompileTask:
C2:2061 3688       4       org.springframework.beans.factory.support.AbstractBeanFactory::isTypeMatch (776 bytes)

Stack: [0x00000034cb000000,0x00000034cb100000],  sp=0x00000034cb0ff170,  free space=1020k
Native frames: (J=compiled Java code, j=interpreted, Vv=VM code, C=native code)
V  [jvm.dll+0x271f3b]  (no source info available)
V  [jvm.dll+0x25a6a9]  (no source info available)
V  [jvm.dll+0x2cfebb]  (no source info available)
V  [jvm.dll+0x2cdf05]  (no source info available)
V  [jvm.dll+0x48e9d1]  (no source info available)
V  [jvm.dll+0x906fcd]  (no source info available)
V  [jvm.dll+0x7a56d5]  (no source info available)
C  [ucrtbase.dll+0x2cd30]  (no source info available)
C  [KERNEL32.DLL+0x2ccb7]  (no source info available)
C  [ntdll.dll+0xaad6c]  (no source info available)


siginfo: EXCEPTION_ACCESS_VIOLATION (0xc0000005), reading address 0x0000020128ed8f18


Registers:
RAX=0x00000201a8634318, RBX=0x000000000000022c, RCX=0x0000020128ed8f08, RDX=0x000000000000ffff
RSP=0x00000034cb0ff170, RBP=0x0000000000000048, RSI=0x00000201a2ac5558, RDI=0x0000000000001160
R8 =0x0000000000000083, R9 =0x000000007ffe3000, R10=0x0000000000000001, R11=0x0000000203ba1cd6
R12=0x0000000000000000, R13=0x000002018159a8f0, R14=0x0000000000000020, R15=0x0000000000000000
RIP=0x00007ffa75301f3b, EFLAGS=0x0000000000010283

XMM[0]=0x00000000012b0d26 0x00000000000cb4c8
XMM[1]=0x0000000000000000 0x00007ffa75b27300
XMM[2]=0x0000000000000000 0x0000000000000000
XMM[3]=0x0000000000000000 0x0000000000000000
XMM[4]=0x0000000000000000 0x0000000000000000
XMM[5]=0x0000000000000000 0x0000000000000000
XMM[6]=0x0000000000000000 0x0000000000000000
XMM[7]=0x0000000000000000 0x0000000000000000
XMM[8]=0x0000000000000000 0x0000000000000000
XMM[9]=0x0000000000000000 0x0000000000000000
XMM[10]=0x0000000000000000 0x0000000000000000
XMM[11]=0x0000000000000000 0x0000000000000000
XMM[12]=0x0000000000000000 0x0000000000000000
XMM[13]=0x0000000000000000 0x0000000000000000
XMM[14]=0x0000000000000000 0x0000000000000000
XMM[15]=0x0000000000000000 0x0000000000000000
  MXCSR=0x00001fb2


Register to memory mapping:

RAX=0x00000201a8634318 points into unknown readable memory: 0x00000201a7423470 | 70 34 42 a7 01 02 00 00
RBX=0x000000000000022c is an unknown value
RCX=0x0000020128ed8f08 is an unknown value
RDX=0x000000000000ffff is an unknown value
RSP=0x00000034cb0ff170 is pointing into the stack for thread: 0x00000201a2ab7140
RBP=0x0000000000000048 is an unknown value
RSI=0x00000201a2ac5558 points into unknown readable memory: 0x00000034cb0ff488 | 88 f4 0f cb 34 00 00 00
RDI=0x0000000000001160 is an unknown value
R8 =0x0000000000000083 is an unknown value
R9 =0x000000007ffe3000 points into unknown readable memory: 0x0000000000000001 | 01 00 00 00 00 00 00 00
R10=0x0000000000000001 is an unknown value
R11=0x0000000203ba1cd6 is an unknown value
R12=0x0 is null
R13=0x000002018159a8f0 points into unknown readable memory: 0x0000000000000000 | 00 00 00 00 00 00 00 00
R14=0x0000000000000020 is an unknown value
R15=0x0 is null

Top of Stack: (sp=0x00000034cb0ff170)
0x00000034cb0ff170:   000000000137b280 000000016a2b1e0e   ..7.......+j....
0x00000034cb0ff180:   00000034cb0ff3a8 00007ffa759a3a59   ....4...Y:.u....
0x00000034cb0ff190:   00000034cb0ff480 00007ffa752ea6a9   ....4......u....
0x00000034cb0ff1a0:   00000201a2ab7140 00000201a2ab7140   @q......@q......
0x00000034cb0ff1b0:   00000000000cb4c8 00000000012b0d26   ........&.+.....
0x00000034cb0ff1c0:   0000000000000000 00000201a2ab7140   ........@q......
0x00000034cb0ff1d0:   00000034cb0ff2e0 00007ffa7535febb   ....4.....5u....
0x00000034cb0ff1e0:   0000020183921750 00000201a295c8d0   P...............
0x00000034cb0ff1f0:   0000020183921750 00000201a2ab7978   P.......xy......
0x00000034cb0ff200:   00000201a2ab7901 000002018159a8f0   .y........Y.....
0x00000034cb0ff210:   0000000000000000 0000000000000000   ................
0x00000034cb0ff220:   0000000000000000 0000000000000000   ................
0x00000034cb0ff230:   ffffffff00000000 00000000a2ab5400   .........T......
0x00000034cb0ff240:   00000201a7423490 0000000000000000   .4B.............
0x00000034cb0ff250:   000002018159a8f0 0000000000000004   ..Y.............
0x00000034cb0ff260:   0000020183921750 00000000000003d8   P...............
0x00000034cb0ff270:   0000000000000000 00000201a2ab5860   ........`X......
0x00000034cb0ff280:   00000201a2ab7968 0000000000000000   hy..............
0x00000034cb0ff290:   00000201a3a6bc48 00000201a2ab7140   H.......@q......
0x00000034cb0ff2a0:   0000000000000000 0000000000000000   ................
0x00000034cb0ff2b0:   0000000000000e68 00000201a3607760   h.......`w`.....
0x00000034cb0ff2c0:   00000201a2ab7140 00000000000cb4c8   @q..............
0x00000034cb0ff2d0:   0000000000000000 0000000000000000   ................
0x00000034cb0ff2e0:   00000201a2ab7950 00000000000003d8   Py..............
0x00000034cb0ff2f0:   00000201a2ab7968 00000201a2ab7d40   hy......@}......
0x00000034cb0ff300:   0000000000000000 0000000000000000   ................
0x00000034cb0ff310:   0000000000000000 0000000000000000   ................
0x00000034cb0ff320:   00000034cb0fe160 00000201a2b01188   `...4...........
0x00000034cb0ff330:   00000201a2b01200 00000201a2b01218   ................
0x00000034cb0ff340:   0000000200000000 00000201a2ab79d8   .........y......
0x00000034cb0ff350:   0000000000000000 0000000200000000   ................
0x00000034cb0ff360:   00000201a2ab79e8 0000000000000000   .y..............

Instructions: (pc=0x00007ffa75301f3b)
  0x00007ffa75301e3b:   7e 37 48 89 7c 24 30 8b fb 0f 1f 40 00 0f 1f 84
  0x00007ffa75301e4b:   00 00 00 00 00 48 8b 46 10 49 8b ce 48 8b 14 38
  0x00007ffa75301e5b:   49 8b 06 48 8b 52 10 ff 10 ff c3 48 8d 7f 08 3b
  0x00007ffa75301e6b:   5e 08 7c e1 48 8b 7c 24 30 48 8b 5c 24 38 48 8b
  0x00007ffa75301e7b:   74 24 40 48 83 c4 20 41 5e c3 cc cc cc cc cc cc
  0x00007ffa75301e8b:   cc cc cc cc cc 40 57 48 83 ec 20 80 3d 0a a1 ad
  0x00007ffa75301e9b:   00 00 48 8b fa 74 5f 65 48 8b 04 25 58 00 00 00
  0x00007ffa75301eab:   8b 0d 4b 5a b3 00 48 89 5c 24 30 48 8b 1c c8 b8
  0x00007ffa75301ebb:   48 00 00 00 80 3c 18 00 75 05 e8 8e 5b 77 00 b8
  0x00007ffa75301ecb:   20 00 00 00 48 8b 04 18 48 8b 5c 24 30 48 8b 90
  0x00007ffa75301edb:   b8 07 00 00 48 8b 4a 70 48 85 c9 74 19 48 8b 89
  0x00007ffa75301eeb:   98 00 00 00 48 85 c9 74 0d 4c 8b c7 48 83 c4 20
  0x00007ffa75301efb:   5f e9 6f 4b 6a 00 48 83 c4 20 5f c3 cc cc cc cc
  0x00007ffa75301f0b:   cc cc cc cc cc 48 89 5c 24 10 56 48 83 ec 20 33
  0x00007ffa75301f1b:   db 48 8b f1 39 99 80 00 00 00 7e 30 48 89 7c 24
  0x00007ffa75301f2b:   30 8b fb 66 90 48 8b 86 88 00 00 00 48 8b 0c 38
=>0x00007ffa75301f3b:   48 8b 49 10 e8 5c 59 65 00 ff c3 48 8d 7f 08 3b
  0x00007ffa75301f4b:   9e 80 00 00 00 7c de 48 8b 7c 24 30 48 8b 5c 24
  0x00007ffa75301f5b:   38 48 83 c4 20 5e c3 cc cc cc cc cc cc cc cc cc
  0x00007ffa75301f6b:   cc cc cc cc cc 48 8d 05 29 9c 84 00 c3 cc cc cc
  0x00007ffa75301f7b:   cc cc cc cc cc 48 8d 05 99 98 84 00 c3 cc cc cc
  0x00007ffa75301f8b:   cc cc cc cc cc 48 8d 05 69 9b 84 00 c3 cc cc cc
  0x00007ffa75301f9b:   cc cc cc cc cc 48 8d 05 91 9c 84 00 c3 cc cc cc
  0x00007ffa75301fab:   cc cc cc cc cc 48 8d 05 21 9d 84 00 c3 cc cc cc
  0x00007ffa75301fbb:   cc cc cc cc cc 48 63 c1 48 8d 0d 06 c3 ac 00 48
  0x00007ffa75301fcb:   8b 04 c1 c3 cc 48 89 5c 24 08 48 89 6c 24 10 48
  0x00007ffa75301fdb:   89 74 24 18 57 48 83 ec 20 48 8b f2 48 8b f9 33
  0x00007ffa75301feb:   ed ba 08 00 00 00 48 89 69 10 49 8b d8 b9 02 00
  0x00007ffa75301ffb:   00 00 e8 3e 7f 1c 00 89 6f 20 0f 57 c0 c7 47 24
  0x00007ffa7530200b:   02 00 00 00 ba 08 00 00 00 48 89 47 28 b9 02 00
  0x00007ffa7530201b:   00 00 0f 11 00 48 89 6f 30 e8 17 7f 1c 00 89 6f
  0x00007ffa7530202b:   38 0f 57 c0 c7 47 3c 02 00 00 00 ba 08 00 00 00


Stack slot to memory mapping:

stack at sp + 0 slots: 0x000000000137b280 is an unknown value
stack at sp + 1 slots: 0x000000016a2b1e0e is an unknown value
stack at sp + 2 slots: 0x00000034cb0ff3a8 is pointing into the stack for thread: 0x00000201a2ab7140
stack at sp + 3 slots: 0x00007ffa759a3a59 jvm.dll
stack at sp + 4 slots: 0x00000034cb0ff480 is pointing into the stack for thread: 0x00000201a2ab7140
stack at sp + 5 slots: 0x00007ffa752ea6a9 jvm.dll
stack at sp + 6 slots: 0x00000201a2ab7140 is a thread
stack at sp + 7 slots: 0x00000201a2ab7140 is a thread

Lock stack of current Java thread (top to bottom):


---------------  P R O C E S S  ---------------

Threads class SMR info:
_java_thread_list=0x00000201a7f8bf00, length=13, elements={
0x000002018158d280, 0x00000201a2aaa3a0, 0x00000201a2aabd70, 0x00000201a2aadad0,
0x00000201a2ab1800, 0x00000201a2ab6250, 0x00000201a2ab1fc0, 0x00000201a2ab7140,
0x00000201a2ac28e0, 0x00000201a2cce2f0, 0x00000201a2b610f0, 0x00000201a2f3e810,
0x00000201a2d10030
}

Java Threads: ( => current thread )
  0x000002018158d280 JavaThread "main"                              [_thread_in_Java, id=5688, stack(0x00000034ca200000,0x00000034ca300000) (1024K)]
  0x00000201a2aaa3a0 JavaThread "Reference Handler"          daemon [_thread_blocked, id=10232, stack(0x00000034caa00000,0x00000034cab00000) (1024K)]
  0x00000201a2aabd70 JavaThread "Finalizer"                  daemon [_thread_blocked, id=7088, stack(0x00000034cab00000,0x00000034cac00000) (1024K)]
  0x00000201a2aadad0 JavaThread "Signal Dispatcher"          daemon [_thread_blocked, id=14568, stack(0x00000034cac00000,0x00000034cad00000) (1024K)]
  0x00000201a2ab1800 JavaThread "Attach Listener"            daemon [_thread_blocked, id=3108, stack(0x00000034cad00000,0x00000034cae00000) (1024K)]
  0x00000201a2ab6250 JavaThread "Service Thread"             daemon [_thread_blocked, id=1988, stack(0x00000034cae00000,0x00000034caf00000) (1024K)]
  0x00000201a2ab1fc0 JavaThread "Monitor Deflation Thread"   daemon [_thread_blocked, id=9784, stack(0x00000034caf00000,0x00000034cb000000) (1024K)]
=>0x00000201a2ab7140 JavaThread "C2 CompilerThread0"         daemon [_thread_in_vm, id=14396, stack(0x00000034cb000000,0x00000034cb100000) (1024K)]
  0x00000201a2ac28e0 JavaThread "C1 CompilerThread0"         daemon [_thread_blocked, id=304, stack(0x00000034cb100000,0x00000034cb200000) (1024K)]
  0x00000201a2cce2f0 JavaThread "Common-Cleaner"             daemon [_thread_blocked, id=13692, stack(0x00000034cb200000,0x00000034cb300000) (1024K)]
  0x00000201a2b610f0 JavaThread "C2 CompilerThread1"         daemon [_thread_in_native, id=11176, stack(0x00000034cb300000,0x00000034cb400000) (1024K)]
  0x00000201a2f3e810 JavaThread "Monitor Ctrl-Break"         daemon [_thread_in_native, id=16420, stack(0x00000034cb400000,0x00000034cb500000) (1024K)]
  0x00000201a2d10030 JavaThread "Notification Thread"        daemon [_thread_blocked, id=2996, stack(0x00000034cb500000,0x00000034cb600000) (1024K)]
Total: 13

Other Threads:
  0x00000201a2a96c20 VMThread "VM Thread"                           [id=10820, stack(0x00000034ca900000,0x00000034caa00000) (1024K)]
  0x00000201a2a85560 WatcherThread "VM Periodic Task Thread"        [id=3632, stack(0x00000034ca800000,0x00000034ca900000) (1024K)]
  0x0000020183971c70 WorkerThread "GC Thread#0"                     [id=12928, stack(0x00000034ca300000,0x00000034ca400000) (1024K)]
  0x00000201a7dba9a0 WorkerThread "GC Thread#1"                     [id=11072, stack(0x00000034cb700000,0x00000034cb800000) (1024K)]
  0x00000201a7dbadd0 WorkerThread "GC Thread#2"                     [id=2852, stack(0x00000034cb800000,0x00000034cb900000) (1024K)]
  0x00000201a7744340 WorkerThread "GC Thread#3"                     [id=15332, stack(0x00000034cb900000,0x00000034cba00000) (1024K)]
  0x00000201a7744790 WorkerThread "GC Thread#4"                     [id=16140, stack(0x00000034cba00000,0x00000034cbb00000) (1024K)]
  0x00000201a77465c0 WorkerThread "GC Thread#5"                     [id=15484, stack(0x00000034cbb00000,0x00000034cbc00000) (1024K)]
  0x000002018398b7d0 ConcurrentGCThread "G1 Main Marker"            [id=16796, stack(0x00000034ca400000,0x00000034ca500000) (1024K)]
  0x000002018398c370 WorkerThread "G1 Conc#0"                       [id=6652, stack(0x00000034ca500000,0x00000034ca600000) (1024K)]
  0x00000201a7e3f220 WorkerThread "G1 Conc#1"                       [id=17400, stack(0x00000034cb600000,0x00000034cb700000) (1024K)]
  0x00000201a29542f0 ConcurrentGCThread "G1 Refine#0"               [id=14556, stack(0x00000034ca600000,0x00000034ca700000) (1024K)]
  0x00000201a2954f00 ConcurrentGCThread "G1 Service"                [id=5992, stack(0x00000034ca700000,0x00000034ca800000) (1024K)]
Total: 13

Threads with active compile tasks:
C2 CompilerThread0  2115 3688       4       org.springframework.beans.factory.support.AbstractBeanFactory::isTypeMatch (776 bytes)
C2 CompilerThread1  2115 3602   !   4       jdk.internal.loader.BuiltinClassLoader::loadClassOrNull (143 bytes)
Total: 2

VM state: not at safepoint (normal execution)

VM Mutex/Monitor currently owned by a thread: None

Heap address: 0x0000000702e00000, size: 4050 MB, Compressed Oops mode: Zero based, Oop shift amount: 3

CDS archive(s) mapped at: [0x000000009d000000-0x000000009ddd0000-0x000000009ddd0000), size 14483456, SharedBaseAddress: 0x000000009d000000, ArchiveRelocationMode: 1.
Compressed class space mapped at: 0x000000009e000000-0x00000000de000000, reserved size: 1073741824
UseCompressedClassPointers 1, UseCompactObjectHeaders 0
Narrow klass pointer bits 32, Max shift 3
Narrow klass base: 0x000000009d000000, Narrow klass shift: 0
Encoding Range: [0x000000009d000000 - 0x000000019d000000), (4294967296 bytes)
Klass Range:    [0x000000009d010000 - 0x00000000de000000), (1090453504 bytes)
Klass ID Range:  [65536 - 1090519033) (1090453497)
Protection zone: [0x000000009d000000 - 0x000000009d010000), (65536 bytes)

GC Precious Log:
 CardTable entry size: 512
 Card Set container configuration: InlinePtr #cards 4 size 8 Array Of Cards #cards 16 size 48 Howl #buckets 8 coarsen threshold 3686 Howl Bitmap #cards 512 size 80 coarsen threshold 460 Card regions per heap region 1 cards per card region 4096
 CPUs: 6 total, 6 available
 Memory: 16193M
 Large Page Support: Disabled
 NUMA Support: Disabled
 Compressed Oops: Enabled (Zero based)
 Heap Region Size: 2M
 Heap Min Capacity: 8M
 Heap Initial Capacity: 254M
 Heap Max Capacity: 4050M
 Pre-touch: Disabled
 Parallel Workers: 6
 Concurrent Workers: 2
 Concurrent Refinement Workers: 6
 Periodic GC: Disabled

Heap:
 garbage-first heap   total reserved 4147200K, committed 61440K, used 33563K [0x0000000702e00000, 0x0000000800000000)
  region size 2048K, 16 young (32768K), 6 survivors (12288K)

Heap Regions: E=young(eden), S=young(survivor), O=old, HS=humongous(starts), HC=humongous(continues), CS=collection set, F=free, TAMS=top-at-mark-start, PB=parsable bottom
|   0|0x0000000702e00000, 0x0000000703000000, 0x0000000703000000|100%| O|  |TAMS 0x0000000702e00000| PB 0x0000000702e00000| Untracked |  0
|   1|0x0000000703000000, 0x00000007030c8000, 0x0000000703200000| 39%| O|  |TAMS 0x0000000703000000| PB 0x0000000703000000| Untracked |  0
|   2|0x0000000703200000, 0x0000000703200000, 0x0000000703400000|  0%| F|  |TAMS 0x0000000703200000| PB 0x0000000703200000| Untracked |  0
|   3|0x0000000703400000, 0x0000000703400000, 0x0000000703600000|  0%| F|  |TAMS 0x0000000703400000| PB 0x0000000703400000| Untracked |  0
|   4|0x0000000703600000, 0x0000000703600000, 0x0000000703800000|  0%| F|  |TAMS 0x0000000703600000| PB 0x0000000703600000| Untracked |  0
|   5|0x0000000703800000, 0x0000000703800000, 0x0000000703a00000|  0%| F|  |TAMS 0x0000000703800000| PB 0x0000000703800000| Untracked |  0
|   6|0x0000000703a00000, 0x0000000703a00000, 0x0000000703c00000|  0%| F|  |TAMS 0x0000000703a00000| PB 0x0000000703a00000| Untracked |  0
|   7|0x0000000703c00000, 0x0000000703c00000, 0x0000000703e00000|  0%| F|  |TAMS 0x0000000703c00000| PB 0x0000000703c00000| Untracked |  0
|   8|0x0000000703e00000, 0x0000000703e00000, 0x0000000704000000|  0%| F|  |TAMS 0x0000000703e00000| PB 0x0000000703e00000| Untracked |  0
|   9|0x0000000704000000, 0x0000000704000000, 0x0000000704200000|  0%| F|  |TAMS 0x0000000704000000| PB 0x0000000704000000| Untracked |  0
|  10|0x0000000704200000, 0x0000000704200000, 0x0000000704400000|  0%| F|  |TAMS 0x0000000704200000| PB 0x0000000704200000| Untracked |  0
|  11|0x0000000704400000, 0x0000000704400000, 0x0000000704600000|  0%| F|  |TAMS 0x0000000704400000| PB 0x0000000704400000| Untracked |  0
|  12|0x0000000704600000, 0x0000000704600000, 0x0000000704800000|  0%| F|  |TAMS 0x0000000704600000| PB 0x0000000704600000| Untracked |  0
|  13|0x0000000704800000, 0x0000000704a00000, 0x0000000704a00000|100%| E|  |TAMS 0x0000000704800000| PB 0x0000000704800000| Complete |  0
|  14|0x0000000704a00000, 0x0000000704c00000, 0x0000000704c00000|100%| E|CS|TAMS 0x0000000704a00000| PB 0x0000000704a00000| Complete |  0
|  15|0x0000000704c00000, 0x0000000704e00000, 0x0000000704e00000|100%| E|CS|TAMS 0x0000000704c00000| PB 0x0000000704c00000| Complete |  0
|  16|0x0000000704e00000, 0x0000000705000000, 0x0000000705000000|100%| E|CS|TAMS 0x0000000704e00000| PB 0x0000000704e00000| Complete |  0
|  17|0x0000000705000000, 0x0000000705200000, 0x0000000705200000|100%| E|CS|TAMS 0x0000000705000000| PB 0x0000000705000000| Complete |  0
|  18|0x0000000705200000, 0x0000000705400000, 0x0000000705400000|100%| E|CS|TAMS 0x0000000705200000| PB 0x0000000705200000| Complete |  0
|  19|0x0000000705400000, 0x0000000705600000, 0x0000000705600000|100%| E|CS|TAMS 0x0000000705400000| PB 0x0000000705400000| Complete |  0
|  20|0x0000000705600000, 0x0000000705800000, 0x0000000705800000|100%| E|CS|TAMS 0x0000000705600000| PB 0x0000000705600000| Complete |  0
|  21|0x0000000705800000, 0x0000000705a00000, 0x0000000705a00000|100%| E|CS|TAMS 0x0000000705800000| PB 0x0000000705800000| Complete |  0
|  93|0x000000070e800000, 0x000000070e8d9700, 0x000000070ea00000| 42%| S|CS|TAMS 0x000000070e800000| PB 0x000000070e800000| Complete |  0
|  94|0x000000070ea00000, 0x000000070ec00000, 0x000000070ec00000|100%| S|CS|TAMS 0x000000070ea00000| PB 0x000000070ea00000| Complete |  0
|  95|0x000000070ec00000, 0x000000070ee00000, 0x000000070ee00000|100%| S|CS|TAMS 0x000000070ec00000| PB 0x000000070ec00000| Complete |  0
|  96|0x000000070ee00000, 0x000000070f000000, 0x000000070f000000|100%| S|CS|TAMS 0x000000070ee00000| PB 0x000000070ee00000| Complete |  0
|  97|0x000000070f000000, 0x000000070f200000, 0x000000070f200000|100%| S|CS|TAMS 0x000000070f000000| PB 0x000000070f000000| Complete |  0
|  98|0x000000070f200000, 0x000000070f400000, 0x000000070f400000|100%| S|CS|TAMS 0x000000070f200000| PB 0x000000070f200000| Complete |  0
| 126|0x0000000712a00000, 0x0000000712c00000, 0x0000000712c00000|100%| E|CS|TAMS 0x0000000712a00000| PB 0x0000000712a00000| Complete |  0
|2024|0x00000007ffe00000, 0x00000007fff257b8, 0x0000000800000000| 57%| O|Cm|TAMS 0x00000007ffe00000| PB 0x00000007ffe00000| Complete |  0

Card table byte_map: [0x000002019bba0000,0x000002019c390000] _byte_map_base: 0x0000020198389000

Marking Bits: (CMBitMap*) 0x0000020183972400
 Bits: [0x000002019c390000, 0x00000201a02d8000)

Polling page: 0x0000020181710000

Metaspace:
Metaspace        used 24224K, committed 24512K, reserved 1114112K
 class space     used 3147K, committed 3264K, reserved 1048576K

Usage:
  Non-class:     20.58 MB used.
      Class:      3.07 MB used.
       Both:     23.66 MB used.

Virtual space:
  Non-class space:       64.00 MB reserved,      20.75 MB ( 32%) committed,  1 nodes.
      Class space:        1.00 GB reserved,       3.19 MB ( <1%) committed,  1 nodes.
             Both:        1.06 GB reserved,      23.94 MB (  2%) committed. 

Chunk freelists:
   Non-Class:  11.16 MB
       Class:  12.83 MB
        Both:  23.98 MB

MaxMetaspaceSize: unlimited
CompressedClassSpaceSize: 1.00 GB
Initial GC threshold: 21.00 MB
Current GC threshold: 35.25 MB
CDS: on
 - commit_granule_bytes: 65536.
 - commit_granule_words: 8192.
 - virtual_space_node_default_size: 8388608.
 - enlarge_chunks_in_place: 1.
UseCompressedClassPointers 1, UseCompactObjectHeaders 0
Narrow klass pointer bits 32, Max shift 3
Narrow klass base: 0x000000009d000000, Narrow klass shift: 0
Encoding Range: [0x000000009d000000 - 0x000000019d000000), (4294967296 bytes)
Klass Range:    [0x000000009d010000 - 0x00000000de000000), (1090453504 bytes)
Klass ID Range:  [65536 - 1090519033) (1090453497)
Protection zone: [0x000000009d000000 - 0x000000009d010000), (65536 bytes)


Internal statistics:

num_allocs_failed_limit: 3.
num_arena_births: 242.
num_arena_deaths: 0.
num_vsnodes_births: 2.
num_vsnodes_deaths: 0.
num_space_committed: 383.
num_space_uncommitted: 0.
num_chunks_returned_to_freelist: 3.
num_chunks_taken_from_freelist: 1067.
num_chunk_merges: 3.
num_chunk_splits: 747.
num_chunks_enlarged: 582.
num_inconsistent_stats: 0.

CodeHeap 'non-profiled nmethods': size=120064Kb used=1332Kb max_used=1332Kb free=118731Kb
 bounds [0x0000020193c50000, 0x0000020193ec0000, 0x000002019b190000]
CodeHeap 'profiled nmethods': size=120000Kb used=6228Kb max_used=6228Kb free=113771Kb
 bounds [0x000002018c190000, 0x000002018c7b0000, 0x00000201936c0000]
CodeHeap 'non-nmethods': size=5696Kb used=1430Kb max_used=1475Kb free=4265Kb
 bounds [0x00000201936c0000, 0x0000020193930000, 0x0000020193c50000]
CodeCache: size=245760Kb, used=8990Kb, max_used=9035Kb, free=236767Kb
 total_blobs=4348, nmethods=3793, adapters=458, full_count=0
Compilation: enabled, stopped_count=0, restarted_count=0

Compilation events (20 events):
Event: 2.047 Thread 0x00000201a2ac28e0 3738       3       org.springframework.util.PlaceholderParser::nextStartPrefix (10 bytes)
Event: 2.047 Thread 0x00000201a2ac28e0 nmethod 3738 0x000002018c781588 code [0x000002018c781680, 0x000002018c781848]
Event: 2.047 Thread 0x00000201a2ac28e0 3740       3       org.springframework.context.support.PropertySourcesPlaceholderConfigurer::lambda$processProperties$0 (54 bytes)
Event: 2.047 Thread 0x00000201a2ac28e0 nmethod 3740 0x000002018c781888 code [0x000002018c781980, 0x000002018c7820e8]
Event: 2.047 Thread 0x00000201a2ac28e0 3741       3       org.springframework.core.env.AbstractPropertyResolver::doResolvePlaceholders (12 bytes)
Event: 2.047 Thread 0x00000201a2ac28e0 nmethod 3741 0x000002018c782108 code [0x000002018c782200, 0x000002018c7829f0]
Event: 2.047 Thread 0x00000201a2ac28e0 3742       3       org.springframework.core.env.AbstractPropertyResolver$$Lambda/0x000000009e241358::<init> (10 bytes)
Event: 2.048 Thread 0x00000201a2ac28e0 nmethod 3742 0x000002018c782a88 code [0x000002018c782b80, 0x000002018c782d40]
Event: 2.048 Thread 0x00000201a2ac28e0 3743       3       org.springframework.util.PropertyPlaceholderHelper::replacePlaceholders (16 bytes)
Event: 2.048 Thread 0x00000201a2ac28e0 nmethod 3743 0x000002018c782d88 code [0x000002018c782e80, 0x000002018c7831a0]
Event: 2.048 Thread 0x00000201a2ac28e0 3744       3       org.springframework.util.PlaceholderParser::replacePlaceholders (60 bytes)
Event: 2.048 Thread 0x00000201a2ac28e0 nmethod 3744 0x000002018c783208 code [0x000002018c783300, 0x000002018c784068]
Event: 2.048 Thread 0x00000201a2ac28e0 3745       3       org.springframework.core.env.AbstractPropertyResolver::resolveRequiredPlaceholders (26 bytes)
Event: 2.049 Thread 0x00000201a2ac28e0 nmethod 3745 0x000002018c784088 code [0x000002018c784180, 0x000002018c784ac0]
Event: 2.049 Thread 0x00000201a2ac28e0 3746       3       org.springframework.beans.factory.config.BeanDefinitionVisitor::resolveStringValue (43 bytes)
Event: 2.049 Thread 0x00000201a2ac28e0 nmethod 3746 0x000002018c784b08 code [0x000002018c784c00, 0x000002018c784ff8]
Event: 2.049 Thread 0x00000201a2ac28e0 3747       3       java.lang.invoke.MemberName::equals (26 bytes)
Event: 2.049 Thread 0x00000201a2ac28e0 nmethod 3747 0x000002018c785008 code [0x000002018c785100, 0x000002018c7854c0]
Event: 2.051 Thread 0x00000201a2ac28e0 3748       3       java.lang.invoke.ClassSpecializer$SpeciesData::factory (14 bytes)
Event: 2.051 Thread 0x00000201a2ac28e0 nmethod 3748 0x000002018c785508 code [0x000002018c785600, 0x000002018c7858a8]

GC Heap Usage History (4 events):
Event: 0.919 {heap Before GC invocations=0 (full 0):
 garbage-first heap   total reserved 4147200K, committed 262144K, used 46229K [0x0000000702e00000, 0x0000000800000000)
  region size 2048K, 22 young (45056K), 0 survivors (0K)
}
Event: 0.924 {heap After GC invocations=1 (full 0):
 garbage-first heap   total reserved 4147200K, committed 262144K, used 10165K [0x0000000702e00000, 0x0000000800000000)
  region size 2048K, 3 young (6144K), 3 survivors (6144K)
}
Event: 1.535 {heap Before GC invocations=1 (full 0):
 garbage-first heap   total reserved 4147200K, committed 262144K, used 57269K [0x0000000702e00000, 0x0000000800000000)
  region size 2048K, 28 young (57344K), 3 survivors (6144K)
}
Event: 1.542 {heap After GC invocations=2 (full 0):
 garbage-first heap   total reserved 4147200K, committed 262144K, used 15131K [0x0000000702e00000, 0x0000000800000000)
  region size 2048K, 6 young (12288K), 6 survivors (12288K)
}

Metaspace Usage History (4 events):
Event: 0.919 {metaspace Before GC invocations=0 (full 0):
 Metaspace       used 11452K, committed 11648K, reserved 1114112K
  class space    used 1461K, committed 1536K, reserved 1048576K
}
Event: 0.924 {metaspace After GC invocations=1 (full 0):
 Metaspace       used 11452K, committed 11648K, reserved 1114112K
  class space    used 1461K, committed 1536K, reserved 1048576K
}
Event: 1.535 {metaspace Before GC invocations=1 (full 0):
 Metaspace       used 21309K, committed 21504K, reserved 1114112K
  class space    used 2720K, committed 2816K, reserved 1048576K
}
Event: 1.542 {metaspace After GC invocations=2 (full 0):
 Metaspace       used 21309K, committed 21504K, reserved 1114112K
  class space    used 2720K, committed 2816K, reserved 1048576K
}

Dll operation events (9 events):
Event: 0.016 Loaded shared library C:\Program Files\Java\jdk-25.0.2\bin\java.dll
Event: 0.140 Loaded shared library C:\Program Files\Java\jdk-25.0.2\bin\zip.dll
Event: 0.142 Loaded shared library C:\Program Files\Java\jdk-25.0.2\bin\instrument.dll
Event: 0.145 Loaded shared library C:\Program Files\Java\jdk-25.0.2\bin\net.dll
Event: 0.147 Loaded shared library C:\Program Files\Java\jdk-25.0.2\bin\nio.dll
Event: 0.150 Loaded shared library C:\Program Files\Java\jdk-25.0.2\bin\zip.dll
Event: 0.234 Loaded shared library C:\Program Files\Java\jdk-25.0.2\bin\extnet.dll
Event: 0.248 Loaded shared library C:\Program Files\Java\jdk-25.0.2\bin\jimage.dll
Event: 1.133 Loaded shared library C:\Program Files\Java\jdk-25.0.2\bin\sunmscapi.dll

Deoptimization events (20 events):
Event: 1.778 Thread 0x000002018158d280 Uncommon trap: trap_request=0xffffff45 fr.pc=0x0000020193d894ec relative=0x00000000000039ec
Event: 1.778 Thread 0x000002018158d280 Uncommon trap: reason=unstable_if action=reinterpret pc=0x0000020193d894ec method=org.springframework.beans.factory.support.RootBeanDefinition.getTargetType()Ljava/lang/Class; @ 18 c2
Event: 1.778 Thread 0x000002018158d280 DEOPT PACKING pc=0x0000020193d894ec sp=0x00000034ca2fe870
Event: 1.778 Thread 0x000002018158d280 DEOPT UNPACKING pc=0x00000201937ddb02 sp=0x00000034ca2fe6d0 mode 2
Event: 2.019 Thread 0x000002018158d280 Uncommon trap: trap_request=0xffffff45 fr.pc=0x0000020193d4e840 relative=0x00000000000003c0
Event: 2.019 Thread 0x000002018158d280 Uncommon trap: reason=unstable_if action=reinterpret pc=0x0000020193d4e840 method=jdk.internal.constant.ConstantUtils.skipOverFieldSignature(Ljava/lang/String;II)I @ 47 c2
Event: 2.019 Thread 0x000002018158d280 DEOPT PACKING pc=0x0000020193d4e840 sp=0x00000034ca2fe4f0
Event: 2.019 Thread 0x000002018158d280 DEOPT UNPACKING pc=0x00000201937ddb02 sp=0x00000034ca2fe478 mode 2
Event: 2.026 Thread 0x000002018158d280 Uncommon trap: trap_request=0xffffff45 fr.pc=0x0000020193d90f14 relative=0x0000000000000114
Event: 2.026 Thread 0x000002018158d280 Uncommon trap: reason=unstable_if action=reinterpret pc=0x0000020193d90f14 method=org.springframework.core.ResolvableType$1.isAssignableFrom(Ljava/lang/Class;)Z @ 15 c2
Event: 2.026 Thread 0x000002018158d280 DEOPT PACKING pc=0x0000020193d90f14 sp=0x00000034ca2feeb0
Event: 2.026 Thread 0x000002018158d280 DEOPT UNPACKING pc=0x00000201937ddb02 sp=0x00000034ca2fee50 mode 2
Event: 2.028 Thread 0x000002018158d280 Uncommon trap: trap_request=0xffffff45 fr.pc=0x0000020193d8fb04 relative=0x0000000000000204
Event: 2.028 Thread 0x000002018158d280 Uncommon trap: reason=unstable_if action=reinterpret pc=0x0000020193d8fb04 method=org.springframework.beans.factory.support.AbstractBeanFactory.getBeanPostProcessorCache()Lorg/springframework/beans/factory/support/AbstractBeanFactory$BeanPostProcessorCach
Event: 2.028 Thread 0x000002018158d280 DEOPT PACKING pc=0x0000020193d8fb04 sp=0x00000034ca2fedf0
Event: 2.028 Thread 0x000002018158d280 DEOPT UNPACKING pc=0x00000201937ddb02 sp=0x00000034ca2fed80 mode 2
Event: 2.049 Thread 0x000002018158d280 Uncommon trap: trap_request=0xffffff45 fr.pc=0x0000020193d9b2c8 relative=0x0000000000002ac8
Event: 2.049 Thread 0x000002018158d280 Uncommon trap: reason=unstable_if action=reinterpret pc=0x0000020193d9b2c8 method=org.springframework.beans.factory.support.AbstractBeanFactory.hasInstantiationAwareBeanPostProcessors()Z @ 12 c2
Event: 2.049 Thread 0x000002018158d280 DEOPT PACKING pc=0x0000020193d9b2c8 sp=0x00000034ca2fed20
Event: 2.049 Thread 0x000002018158d280 DEOPT UNPACKING pc=0x00000201937ddb02 sp=0x00000034ca2febd8 mode 2

Classes loaded (20 events):
Event: 1.661 Loading class java/lang/UnsupportedClassVersionError
Event: 1.661 Loading class java/lang/ClassFormatError
Event: 1.661 Loading class java/lang/ClassFormatError done
Event: 1.661 Loading class java/lang/UnsupportedClassVersionError done
Event: 1.718 Loading class jdk/internal/classfile/impl/BoundAttribute$1
Event: 1.718 Loading class jdk/internal/classfile/impl/BoundAttribute$1 done
Event: 1.719 Loading class jdk/internal/classfile/impl/BoundAttribute$BoundUnknownAttribute
Event: 1.719 Loading class java/lang/classfile/attribute/UnknownAttribute
Event: 1.719 Loading class java/lang/classfile/attribute/UnknownAttribute done
Event: 1.719 Loading class jdk/internal/classfile/impl/BoundAttribute$BoundUnknownAttribute done
Event: 1.751 Loading class java/util/stream/ReferencePipeline$15
Event: 1.751 Loading class java/util/stream/ReferencePipeline$15 done
Event: 1.752 Loading class java/util/stream/ReferencePipeline$15$1
Event: 1.752 Loading class java/util/stream/ReferencePipeline$15$1 done
Event: 1.765 Loading class sun/reflect/generics/tree/BooleanSignature
Event: 1.765 Loading class sun/reflect/generics/tree/BooleanSignature done
Event: 1.917 Loading class java/lang/invoke/MethodHandle$1
Event: 1.917 Loading class java/lang/invoke/MethodHandle$1 done
Event: 2.017 Loading class java/net/SocketException
Event: 2.017 Loading class java/net/SocketException done

Classes unloaded (0 events):
No events

Classes redefined (0 events):
No events

Internal exceptions (20 events):
Event: 0.801 Thread 0x000002018158d280 Exception <a 'java/lang/NoSuchMethodError'{0x0000000710823788}: 'int java.lang.invoke.DirectMethodHandle$Holder.invokeSpecialIFC(java.lang.Object, java.lang.Object, java.lang.Object, java.lang.Object)'> (0x0000000710823788) 
thrown [s\open\src\hotspot\share\interpreter\linkResolver.cpp, line 804]
Event: 0.816 Thread 0x000002018158d280 Exception <a 'java/lang/NoSuchMethodError'{0x00000007108fbb40}: 'void java.lang.invoke.DirectMethodHandle$Holder.invokeInterface(java.lang.Object, java.lang.Object, java.lang.Object)'> (0x00000007108fbb40) 
thrown [s\open\src\hotspot\share\interpreter\linkResolver.cpp, line 804]
Event: 0.829 Thread 0x000002018158d280 Exception <a 'java/lang/NoSuchMethodError'{0x0000000710989d00}: 'void java.lang.invoke.DirectMethodHandle$Holder.invokeStaticInit(java.lang.Object, java.lang.Object, java.lang.Object)'> (0x0000000710989d00) 
thrown [s\open\src\hotspot\share\interpreter\linkResolver.cpp, line 804]
Event: 0.846 Thread 0x000002018158d280 Exception <a 'java/lang/NoSuchMethodError'{0x0000000710673e08}: 'void java.lang.invoke.DirectMethodHandle$Holder.invokeVirtual(java.lang.Object, java.lang.Object, java.lang.Object, java.lang.Object)'> (0x0000000710673e08) 
thrown [s\open\src\hotspot\share\interpreter\linkResolver.cpp, line 804]
Event: 0.906 Thread 0x000002018158d280 Exception <a 'java/lang/IncompatibleClassChangeError'{0x0000000710003bc8}: Found class java.lang.Object, but interface was expected> (0x0000000710003bc8) 
thrown [s\open\src\hotspot\share\interpreter\linkResolver.cpp, line 871]
Event: 0.935 Thread 0x00000201a7bfc9a0 Exception <a 'java/lang/NoSuchMethodError'{0x0000000712836590}: 'java.lang.Object java.lang.invoke.Invokers$Holder.linkToTargetMethod(java.lang.Object, int, java.lang.Object, java.lang.Object)'> (0x0000000712836590) 
thrown [s\open\src\hotspot\share\interpreter\linkResolver.cpp, line 804]
Event: 1.041 Thread 0x00000201a7bfc9a0 Exception <a 'java/lang/NoSuchMethodError'{0x0000000711dea620}: 'long java.lang.invoke.DirectMethodHandle$Holder.invokeSpecial(java.lang.Object, java.lang.Object)'> (0x0000000711dea620) 
thrown [s\open\src\hotspot\share\interpreter\linkResolver.cpp, line 804]
Event: 1.042 Thread 0x00000201a7bfc9a0 Exception <a 'java/lang/NoSuchMethodError'{0x0000000711a08cf0}: 'long java.lang.invoke.DirectMethodHandle$Holder.invokeStatic(java.lang.Object, java.lang.Object)'> (0x0000000711a08cf0) 
thrown [s\open\src\hotspot\share\interpreter\linkResolver.cpp, line 804]
Event: 1.042 Thread 0x00000201a7bfc9a0 Exception <a 'java/lang/NoSuchMethodError'{0x0000000711a10a98}: 'long java.lang.invoke.DirectMethodHandle$Holder.invokeStaticInit(java.lang.Object, java.lang.Object)'> (0x0000000711a10a98) 
thrown [s\open\src\hotspot\share\interpreter\linkResolver.cpp, line 804]
Event: 1.044 Thread 0x00000201a7bfc9a0 Exception <a 'java/lang/NoSuchMethodError'{0x0000000711a35f40}: 'long java.lang.invoke.DirectMethodHandle$Holder.invokeInterface(java.lang.Object, java.lang.Object)'> (0x0000000711a35f40) 
thrown [s\open\src\hotspot\share\interpreter\linkResolver.cpp, line 804]
Event: 1.044 Thread 0x00000201a7bfc9a0 Exception <a 'java/lang/IncompatibleClassChangeError'{0x0000000711a3dbf8}: Found class java.lang.Object, but interface was expected> (0x0000000711a3dbf8) 
thrown [s\open\src\hotspot\share\interpreter\linkResolver.cpp, line 871]
Event: 1.073 Thread 0x00000201a7bfc9a0 Exception <a 'java/lang/NoSuchMethodError'{0x00000007119d0888}: 'java.lang.Object java.lang.invoke.DirectMethodHandle$Holder.newInvokeSpecial(java.lang.Object, java.lang.Object, java.lang.Object, int)'> (0x00000007119d0888) 
thrown [s\open\src\hotspot\share\interpreter\linkResolver.cpp, line 804]
Event: 1.073 Thread 0x00000201a7bfc9a0 Exception <a 'java/lang/NoSuchMethodError'{0x00000007119d93a0}: 'java.lang.Object java.lang.invoke.Invokers$Holder.linkToTargetMethod(java.lang.Object, java.lang.Object, int, java.lang.Object)'> (0x00000007119d93a0) 
thrown [s\open\src\hotspot\share\interpreter\linkResolver.cpp, line 804]
Event: 1.091 Thread 0x000002018158d280 Exception <a 'java/lang/NoSuchMethodError'{0x0000000711770588}: 'java.lang.Object java.lang.invoke.DirectMethodHandle$Holder.invokeVirtual(java.lang.Object, java.lang.Object, java.lang.Object)'> (0x0000000711770588) 
thrown [s\open\src\hotspot\share\interpreter\linkResolver.cpp, line 804]
Event: 1.100 Thread 0x000002018158d280 Exception <a 'java/lang/NoSuchMethodError'{0x000000071179f9b0}: 'int java.lang.invoke.DirectMethodHandle$Holder.invokeSpecial(java.lang.Object, java.lang.Object, java.lang.Object, java.lang.Object, java.lang.Object)'> (0x000000071179f9b0) 
thrown [s\open\src\hotspot\share\interpreter\linkResolver.cpp, line 804]
Event: 1.105 Thread 0x000002018158d280 Exception <a 'java/lang/NoSuchMethodError'{0x00000007117b1810}: 'void java.lang.invoke.DirectMethodHandle$Holder.invokeVirtual(java.lang.Object, java.lang.Object)'> (0x00000007117b1810) 
thrown [s\open\src\hotspot\share\interpreter\linkResolver.cpp, line 804]
Event: 1.181 Thread 0x000002018158d280 Exception <a 'java/lang/NoSuchMethodError'{0x00000007113a6408}: 'java.lang.Object java.lang.invoke.DirectMethodHandle$Holder.invokeStatic(java.lang.Object, java.lang.Object, int)'> (0x00000007113a6408) 
thrown [s\open\src\hotspot\share\interpreter\linkResolver.cpp, line 804]
Event: 1.255 Thread 0x000002018158d280 Exception <a 'java/lang/IncompatibleClassChangeError'{0x0000000710fd8770}: Found class java.lang.Object, but interface was expected> (0x0000000710fd8770) 
thrown [s\open\src\hotspot\share\interpreter\linkResolver.cpp, line 871]
Event: 1.745 Thread 0x000002018158d280 Exception <a 'java/lang/NoSuchMethodError'{0x0000000704e70aa0}: 'java.lang.Object java.lang.invoke.DirectMethodHandle$Holder.invokeSpecialIFC(java.lang.Object, java.lang.Object, java.lang.Object)'> (0x0000000704e70aa0) 
thrown [s\open\src\hotspot\share\interpreter\linkResolver.cpp, line 804]
Event: 2.029 Thread 0x000002018158d280 Exception <a 'java/lang/NoSuchMethodError'{0x0000000704b3e8b0}: 'java.lang.Object java.lang.invoke.DirectMethodHandle$Holder.newInvokeSpecial(java.lang.Object, java.lang.Object, java.lang.Object, java.lang.Object, java.lang.Object, java.lang.Object)'> (0x0000000704b3e8b0) 
thrown [s\open\src\hotspot\share\interpreter\linkResolver.cpp, line 804]

VM Operations (20 events):
Event: 1.260 Executing non-safepoint VM operation: HandshakeAllThreads (Deoptimize)
Event: 1.260 Executing non-safepoint VM operation: HandshakeAllThreads (Deoptimize) done
Event: 1.399 Executing non-safepoint VM operation: HandshakeAllThreads (Deoptimize)
Event: 1.399 Executing non-safepoint VM operation: HandshakeAllThreads (Deoptimize) done
Event: 1.535 Executing safepoint VM operation: CollectForMetadataAllocation (Metadata GC Threshold)
Event: 1.542 Executing safepoint VM operation: CollectForMetadataAllocation (Metadata GC Threshold) done
Event: 1.547 Executing safepoint VM operation: G1PauseRemark
Event: 1.549 Executing safepoint VM operation: G1PauseRemark done
Event: 1.551 Executing safepoint VM operation: G1PauseCleanup
Event: 1.551 Executing safepoint VM operation: G1PauseCleanup done
Event: 1.705 Executing non-safepoint VM operation: HandshakeAllThreads (Deoptimize)
Event: 1.705 Executing non-safepoint VM operation: HandshakeAllThreads (Deoptimize) done
Event: 1.706 Executing non-safepoint VM operation: HandshakeAllThreads (Deoptimize)
Event: 1.706 Executing non-safepoint VM operation: HandshakeAllThreads (Deoptimize) done
Event: 1.709 Executing non-safepoint VM operation: HandshakeAllThreads (Deoptimize)
Event: 1.709 Executing non-safepoint VM operation: HandshakeAllThreads (Deoptimize) done
Event: 1.710 Executing non-safepoint VM operation: HandshakeAllThreads (Deoptimize)
Event: 1.710 Executing non-safepoint VM operation: HandshakeAllThreads (Deoptimize) done
Event: 1.718 Executing non-safepoint VM operation: HandshakeAllThreads (Deoptimize)
Event: 1.719 Executing non-safepoint VM operation: HandshakeAllThreads (Deoptimize) done

Memory protections (0 events):
No events

Nmethod flushes (0 events):
No events

Events (17 events):
Event: 0.036 Thread 0x000002018158d280 Thread added: 0x000002018158d280
Event: 0.054 Thread 0x000002018158d280 Thread added: 0x00000201a2aaa3a0
Event: 0.054 Thread 0x000002018158d280 Thread added: 0x00000201a2aabd70
Event: 0.055 Thread 0x000002018158d280 Thread added: 0x00000201a2aadad0
Event: 0.055 Thread 0x000002018158d280 Thread added: 0x00000201a2ab1800
Event: 0.055 Thread 0x000002018158d280 Thread added: 0x00000201a2ab6250
Event: 0.055 Thread 0x000002018158d280 Thread added: 0x00000201a2ab1fc0
Event: 0.055 Thread 0x000002018158d280 Thread added: 0x00000201a2ab7140
Event: 0.055 Thread 0x000002018158d280 Thread added: 0x00000201a2ac28e0
Event: 0.144 Thread 0x000002018158d280 Thread added: 0x00000201a2cce2f0
Event: 0.166 Thread 0x00000201a2ac28e0 Thread added: 0x00000201a2b610f0
Event: 0.216 Thread 0x000002018158d280 Thread added: 0x00000201a2f3e810
Event: 0.216 Thread 0x000002018158d280 Thread added: 0x00000201a2d10030
Event: 0.897 Thread 0x000002018158d280 Thread added: 0x00000201a7bfc9a0
Event: 1.184 Thread 0x00000201a7bfc9a0 Thread exited: 0x00000201a7bfc9a0
Event: 1.235 Thread 0x000002018158d280 Thread added: 0x00000201a82f7df0
Event: 1.251 Thread 0x00000201a82f7df0 Thread exited: 0x00000201a82f7df0


Dynamic libraries:
0x00007ff7d32e0000 - 0x00007ff7d32f0000 	C:\Program Files\Java\jdk-25.0.2\bin\java.exe
0x00007ffb0bbc0000 - 0x00007ffb0be26000 	C:\windows\SYSTEM32\ntdll.dll
0x00007ffb0af10000 - 0x00007ffb0afd9000 	C:\windows\System32\KERNEL32.DLL
0x00007ffb091d0000 - 0x00007ffb095cf000 	C:\windows\System32\KERNELBASE.dll
0x00007ffb08dd0000 - 0x00007ffb08f1c000 	C:\windows\System32\ucrtbase.dll
0x00007ffaffa40000 - 0x00007ffaffa5e000 	C:\Program Files\Java\jdk-25.0.2\bin\VCRUNTIME140.dll
0x00007ffaffa20000 - 0x00007ffaffa37000 	C:\Program Files\Java\jdk-25.0.2\bin\jli.dll
0x00007ffb0a260000 - 0x00007ffb0a426000 	C:\windows\System32\USER32.dll
0x00007ffaf6e00000 - 0x00007ffaf7091000 	C:\windows\WinSxS\amd64_microsoft.windows.common-controls_6595b64144ccf1df_6.0.26100.8972_none_3e0da176e32f9d4b\COMCTL32.dll
0x00007ffb098c0000 - 0x00007ffb098e7000 	C:\windows\System32\win32u.dll
0x00007ffb0bad0000 - 0x00007ffb0bb79000 	C:\windows\System32\msvcrt.dll
0x00007ffb0afe0000 - 0x00007ffb0b00b000 	C:\windows\System32\GDI32.dll
0x00007ffb08ff0000 - 0x00007ffb09119000 	C:\windows\System32\gdi32full.dll
0x00007ffb09120000 - 0x00007ffb091c3000 	C:\windows\System32\msvcp_win.dll
0x00007ffb09b90000 - 0x00007ffb09bc2000 	C:\windows\System32\IMM32.DLL
0x00007ffb05680000 - 0x00007ffb0568c000 	C:\Program Files\Java\jdk-25.0.2\bin\vcruntime140_1.dll
0x00007ffaf6270000 - 0x00007ffaf62fd000 	C:\Program Files\Java\jdk-25.0.2\bin\msvcp140.dll
0x00007ffa75090000 - 0x00007ffa75eef000 	C:\Program Files\Java\jdk-25.0.2\bin\server\jvm.dll
0x00007ffb0ad20000 - 0x00007ffb0addc000 	C:\windows\System32\ADVAPI32.dll
0x00007ffb09900000 - 0x00007ffb099aa000 	C:\windows\System32\sechost.dll
0x00007ffb09bd0000 - 0x00007ffb09ce8000 	C:\windows\System32\RPCRT4.dll
0x00007ffb0b3e0000 - 0x00007ffb0b462000 	C:\windows\System32\WS2_32.dll
0x00007ffb08c30000 - 0x00007ffb08c8e000 	C:\windows\SYSTEM32\POWRPROF.dll
0x00007ffb001b0000 - 0x00007ffb001e6000 	C:\windows\SYSTEM32\WINMM.dll
0x00007ffb001f0000 - 0x00007ffb001fb000 	C:\windows\SYSTEM32\VERSION.dll
0x00007ffb08c10000 - 0x00007ffb08c25000 	C:\windows\SYSTEM32\UMPDC.dll
0x00007ffb07a80000 - 0x00007ffb07a9b000 	C:\windows\SYSTEM32\kernel.appcore.dll
0x00007ffafff40000 - 0x00007ffafff4a000 	C:\Program Files\Java\jdk-25.0.2\bin\jimage.dll
0x00007ffaf8230000 - 0x00007ffaf8472000 	C:\windows\SYSTEM32\DBGHELP.DLL
0x00007ffb0b6b0000 - 0x00007ffb0ba35000 	C:\windows\System32\combase.dll
0x00007ffb0abc0000 - 0x00007ffb0ac99000 	C:\windows\System32\OLEAUT32.dll
0x00007ffaefbc0000 - 0x00007ffaefbfb000 	C:\windows\SYSTEM32\dbgcore.DLL
0x00007ffb095e0000 - 0x00007ffb0968c000 	C:\windows\System32\bcryptPrimitives.dll
0x00007ffaffa10000 - 0x00007ffaffa20000 	C:\Program Files\Java\jdk-25.0.2\bin\instrument.dll
0x00007ffafe9f0000 - 0x00007ffafea0f000 	C:\Program Files\Java\jdk-25.0.2\bin\java.dll
0x00007ffb0b4a0000 - 0x00007ffb0b639000 	C:\windows\System32\ole32.dll
0x00007ffb0a430000 - 0x00007ffb0abb8000 	C:\windows\System32\SHELL32.dll
0x00007ffb06640000 - 0x00007ffb06edb000 	C:\windows\SYSTEM32\windows.storage.dll
0x00007ffb0adf0000 - 0x00007ffb0aee9000 	C:\windows\System32\SHCORE.dll
0x00007ffb0b640000 - 0x00007ffb0b6a6000 	C:\windows\System32\shlwapi.dll
0x00007ffb08cf0000 - 0x00007ffb08d19000 	C:\windows\SYSTEM32\profapi.dll
0x00007ffaf6230000 - 0x00007ffaf6247000 	C:\Program Files\Java\jdk-25.0.2\bin\zip.dll
0x00007ffaf6320000 - 0x00007ffaf6332000 	C:\Program Files\Java\jdk-25.0.2\bin\net.dll
0x00007ffb08010000 - 0x00007ffb0807c000 	C:\windows\system32\mswsock.dll
0x00007ffaf6250000 - 0x00007ffaf6266000 	C:\Program Files\Java\jdk-25.0.2\bin\nio.dll
0x00007ffafe9e0000 - 0x00007ffafe9e9000 	C:\Program Files\Java\jdk-25.0.2\bin\extnet.dll
0x00007ffaf6220000 - 0x00007ffaf622e000 	C:\Program Files\Java\jdk-25.0.2\bin\sunmscapi.dll
0x00007ffb09730000 - 0x00007ffb098ae000 	C:\windows\System32\CRYPT32.dll
0x00007ffb085a0000 - 0x00007ffb085d0000 	C:\windows\SYSTEM32\ncrypt.dll
0x00007ffb08550000 - 0x00007ffb0858f000 	C:\windows\SYSTEM32\NTASN1.dll

JVMTI agents:
C:\Program Files\JetBrains\IntelliJ IDEA Community Edition 2025.2.6.2\lib\idea_rt.jar path:C:\Program Files\Java\jdk-25.0.2\bin\instrument.dll, loaded, initialized, instrumentlib options:65226

dbghelp: loaded successfully - version: 4.0.5 - missing functions: none
symbol engine: initialized successfully - sym options: 0x614 - pdb path: .;C:\Program Files\Java\jdk-25.0.2\bin;C:\windows\SYSTEM32;C:\windows\WinSxS\amd64_microsoft.windows.common-controls_6595b64144ccf1df_6.0.26100.8972_none_3e0da176e32f9d4b;C:\Program Files\Java\jdk-25.0.2\bin\server

VM Arguments:
jvm_args: -javaagent:C:\Program Files\JetBrains\IntelliJ IDEA Community Edition 2025.2.6.2\lib\idea_rt.jar=65226 -Dfile.encoding=UTF-8 -Dsun.stdout.encoding=UTF-8 -Dsun.stderr.encoding=UTF-8 
java_command: com.example.imagemPecas.ImagemPecasApplication
java_class_path (initial): C:\Users\sn1103042\Desktop\projetos\aplicacoes_web_4s_tb\target\classes;C:\Users\sn1103042\.m2\repository\org\springframework\boot\spring-boot-starter-data-jpa\4.1.0\spring-boot-starter-data-jpa-4.1.0.jar;C:\Users\sn1103042\.m2\repository\org\springframework\boot\spring-boot-starter\4.1.0\spring-boot-starter-4.1.0.jar;C:\Users\sn1103042\.m2\repository\org\springframework\boot\spring-boot-starter-logging\4.1.0\spring-boot-starter-logging-4.1.0.jar;C:\Users\sn1103042\.m2\repository\ch\qos\logback\logback-classic\1.5.34\logback-classic-1.5.34.jar;C:\Users\sn1103042\.m2\repository\ch\qos\logback\logback-core\1.5.34\logback-core-1.5.34.jar;C:\Users\sn1103042\.m2\repository\org\apache\logging\log4j\log4j-to-slf4j\2.25.4\log4j-to-slf4j-2.25.4.jar;C:\Users\sn1103042\.m2\repository\org\apache\logging\log4j\log4j-api\2.25.4\log4j-api-2.25.4.jar;C:\Users\sn1103042\.m2\repository\org\slf4j\jul-to-slf4j\2.0.18\jul-to-slf4j-2.0.18.jar;C:\Users\sn1103042\.m2\repository\org\springframework\boot\spring-boot-autoconfigure\4.1.0\spring-boot-autoconfigure-4.1.0.jar;C:\Users\sn1103042\.m2\repository\jakarta\annotation\jakarta.annotation-api\3.0.0\jakarta.annotation-api-3.0.0.jar;C:\Users\sn1103042\.m2\repository\org\yaml\snakeyaml\2.6\snakeyaml-2.6.jar;C:\Users\sn1103042\.m2\repository\org\springframework\boot\spring-boot-starter-jdbc\4.1.0\spring-boot-starter-jdbc-4.1.0.jar;C:\Users\sn1103042\.m2\repository\com\zaxxer\HikariCP\7.0.2\HikariCP-7.0.2.jar;C:\Users\sn1103042\.m2\repository\org\slf4j\slf4j-api\2.0.18\slf4j-api-2.0.18.jar;C:\Users\sn1103042\.m2\repository\org\springframework\boot\spring-boot-data-jpa\4.1.0\spring-boot-data-jpa-4.1.0.jar;C:\Users\sn1103042\.m2\repository\org\springframework\boot\spring-boot-data-commons\4.1.0\spring-boot-data-commons-4.1.0.jar;C:\Users\sn1103042\.m2\repository\org\springframework\boot\spring-boot-persistence\4.1.0\spring-boot-persistence-4.1.0.jar;C:\Users\sn1103042\.m2\repository\org\springframework\data\spring-data-commons\4.1.0\spring-data-commons-4.1.0.jar;C:\Users\sn1103042\.m2\repository\org\springframework\boot\spring-boot-hibernate\4.1.0\spring-boot-hibernate-4.1.0.jar;C:\Users\sn1103042\.m2\repository\org\springframework\boot\spring-boot-jpa\4.1.0\spring-boot-jpa-4.1.0.jar;C:\Users\sn1103042\.m2\repository\jakarta\persistence\jakarta.persistence-api\3.2.0\jakarta.persistence-api-3.2.0.jar;C:\Users\sn1103042\.m2\repository\org\hibernate\orm\hibernate-core\7.4.1.Final\hibernate-core-7.4.1.Final.jar;C:\Users\sn1103042\.m2\repository\jakarta\transaction\jakarta.transaction-api\2.0.1\jakarta.transaction-api-2.0.1.jar;C:\Users\sn1103042\.m2\repository\org\jboss\logging\jboss-logging\3.6.3.Final\jboss-logging-3.6.3.Final.jar;C:\Users\sn1103042\.m2\repository\org\hibernate\models\hibernate-models\1.1.1\hibernate-models-1.1.1.jar;C:\Users\sn1103042\.m2\repository\org\glassfish\jaxb\jaxb-runtime\4.0.9\jaxb-runtime-4.0.9.jar;C:\Users\sn1103042\.m2\repository\org\glassfish\jaxb\jaxb-core\4.0.9\jaxb-core-4.0.9.jar;C:\Users\sn1103042\.m2\repository\org\eclipse\angus\angus-activation\2.0.3\angus-activation-2.0.3.jar;C:\Users\sn1103042\.m2\repository\org\glassfish\jaxb\txw2\4.0.9\txw2-4.0.9.jar;C:\Users\sn1103042\.m2\repository\com\sun\istack\istack-commons-runtime\4.1.2\istack-commons-runtime-4.1.2.jar;C:\Users\sn1103042\.m2\repository\jakarta\inject\jakarta.inject-api\2.0.1\jakarta.inject-api-2.0.1.jar;C:\Users\sn1103042\.m2\repository\org\springframework\spring-orm\7.0.8\spring-orm-7.0.8.jar;C:\Users\sn1103042\.m2\repository\org\springframework\data\spring-data-jpa\4.1.0\spring-data-jpa-4.1.0.jar;C:\Users\sn1103042\.m2\repository\org\springframework\spring-context\7.0.8\spring-context-7.0.8.jar;C:\Users\sn1103042\.m2\repository\org\springframework\spring-aop\7.0.8\spring-aop-7.0.8.jar;C:\Users\sn1103042\.m2\repository\org\springframework\spring-tx\7.0.8\spring-tx-7.0.8.jar;C:\Users\sn1103042\.m2\repository\org\springframework\spring-beans\7.0.8\spring-beans-7.0.8.jar;C:\Users\sn1103042\.m2\repository\org\antlr\antlr4-runtime\4.13.2\antlr4-runtime-4.13.2.jar;C:\Users\sn1103042\.m2\repository\org\springframework\spring-aspects\7.0.8\spring-aspects-7.0.8.jar;C:\Users\sn1103042\.m2\repository\org\aspectj\aspectjweaver\1.9.25.1\aspectjweaver-1.9.25.1.jar;C:\Users\sn1103042\.m2\repository\org\springframework\boot\spring-boot-jdbc\4.1.0\spring-boot-jdbc-4.1.0.jar;C:\Users\sn1103042\.m2\repository\org\springframework\boot\spring-boot\4.1.0\spring-boot-4.1.0.jar;C:\Users\sn1103042\.m2\repository\org\springframework\boot\spring-boot-sql\4.1.0\spring-boot-sql-4.1.0.jar;C:\Users\sn1103042\.m2\repository\org\springframework\boot\spring-boot-transaction\4.1.0\spring-boot-transaction-4.1.0.jar;C:\Users\sn1103042\.m2\repository\org\springframework\spring-jdbc\7.0.8\spring-jdbc-7.0.8.jar;C:\Users\sn1103042\.m2\repository\org\springframework\boot\spring-boot-starter-webmvc\4.1.0\spring-boot-starter-webmvc-4.1.0.jar;C:\Users\sn1103042\.m2\repository\org\springframework\boot\spring-boot-starter-jackson\4.1.0\spring-boot-starter-jackson-4.1.0.jar;C:\Users\sn1103042\.m2\repository\org\springframework\boot\spring-boot-jackson\4.1.0\spring-boot-jackson-4.1.0.jar;C:\Users\sn1103042\.m2\repository\tools\jackson\core\jackson-databind\3.1.4\jackson-databind-3.1.4.jar;C:\Users\sn1103042\.m2\repository\com\fasterxml\jackson\core\jackson-annotations\2.21\jackson-annotations-2.21.jar;C:\Users\sn1103042\.m2\repository\tools\jackson\core\jackson-core\3.1.4\jackson-core-3.1.4.jar;C:\Users\sn1103042\.m2\repository\org\springframework\boot\spring-boot-starter-tomcat\4.1.0\spring-boot-starter-tomcat-4.1.0.jar;C:\Users\sn1103042\.m2\repository\org\springframework\boot\spring-boot-starter-tomcat-runtime\4.1.0\spring-boot-starter-tomcat-runtime-4.1.0.jar;C:\Users\sn1103042\.m2\repository\org\apache\tomcat\embed\tomcat-embed-core\11.0.22\tomcat-embed-core-11.0.22.jar;C:\Users\sn1103042\.m2\repository\org\apache\tomcat\embed\tomcat-embed-el\11.0.22\tomcat-embed-el-11.0.22.jar;C:\Users\sn1103042\.m2\repository\org\apache\tomcat\embed\tomcat-embed-websocket\11.0.22\tomcat-embed-websocket-11.0.22.jar;C:\Users\sn1103042\.m2\repository\org\springframework\boot\spring-boot-tomcat\4.1.0\spring-boot-tomcat-4.1.0.jar;C:\Users\sn1103042\.m2\repository\org\springframework\boot\spring-boot-http-converter\4.1.0\spring-boot-http-converter-4.1.0.jar;C:\Users\sn1103042\.m2\repository\org\springframework\spring-web\7.0.8\spring-web-7.0.8.jar;C:\Users\sn1103042\.m2\repository\io\micrometer\micrometer-observation\1.17.0\micrometer-observation-1.17.0.jar;C:\Users\sn1103042\.m2\repository\io\micrometer\micrometer-commons\1.17.0\micrometer-commons-1.17.0.jar;C:\Users\sn1103042\.m2\repository\org\springframework\boot\spring-boot-webmvc\4.1.0\spring-boot-webmvc-4.1.0.jar;C:\Users\sn1103042\.m2\repository\org\springframework\boot\spring-boot-servlet\4.1.0\spring-boot-servlet-4.1.0.jar;C:\Users\sn1103042\.m2\repository\org\springframework\spring-webmvc\7.0.8\spring-webmvc-7.0.8.jar;C:\Users\sn1103042\.m2\repository\org\springframework\spring-expression\7.0.8\spring-expression-7.0.8.jar;C:\Users\sn1103042\.m2\repository\jakarta\xml\bind\jakarta.xml.bind-api\4.0.5\jakarta.xml.bind-api-4.0.5.jar;C:\Users\sn1103042\.m2\repository\jakarta\activation\jakarta.activation-api\2.1.4\jakarta.activation-api-2.1.4.jar;C:\Users\sn1103042\.m2\repository\net\bytebuddy\byte-buddy\1.18.10\byte-buddy-1.18.10.jar;C:\Users\sn1103042\.m2\repository\org\springframework\spring-core\7.0.8\spring-core-7.0.8.jar;C:\Users\sn1103042\.m2\repository\commons-logging\commons-logging\1.3.6\commons-logging-1.3.6.jar;C:\Users\sn1103042\.m2\repository\org\jspecify\jspecify\1.0.0\jspecify-1.0.0.jar;C:\Users\sn1103042\.m2\repository\org\springframework\boot\spring-boot-web-server\4.1.0\spring-boot-web-server-4.1.0.jar;C:\Users\sn1103042\.m2\repository\com\h2database\h2\2.4.240\h2-2.4.240.jar;C:\Users\sn1103042\.m2\repository\org\projectlombok\lombok\1.18.46\lombok-1.18.46.jar;C:\Users\sn1103042\.m2\repository\org\postgresql\postgresql\42.7.11\postgresql-42.7.11.jar
Launcher Type: SUN_STANDARD

[Global flags]
     intx CICompilerCount                          = 3                                         {product} {ergonomic}
     uint ConcGCThreads                            = 2                                         {product} {ergonomic}
     uint G1ConcRefinementThreads                  = 6                                         {product} {ergonomic}
   size_t G1HeapRegionSize                         = 2097152                                   {product} {ergonomic}
   size_t InitialHeapSize                          = 266338304                                 {product} {ergonomic}
   size_t MarkStackSize                            = 4194304                                   {product} {ergonomic}
   size_t MarkStackSizeMax                         = 536870912                                 {product} {ergonomic}
   size_t MaxHeapSize                              = 4246732800                                {product} {ergonomic}
   size_t MaxNewSize                               = 2548039680                                {product} {ergonomic}
   size_t MinHeapDeltaBytes                        = 2097152                                   {product} {ergonomic}
   size_t MinHeapSize                              = 8388608                                   {product} {ergonomic}
    uintx NonNMethodCodeHeapSize                   = 5832704                                {pd product} {ergonomic}
    uintx NonProfiledCodeHeapSize                  = 122945536                              {pd product} {ergonomic}
    uintx ProfiledCodeHeapSize                     = 122880000                              {pd product} {ergonomic}
    uintx ReservedCodeCacheSize                    = 251658240                              {pd product} {ergonomic}
     bool SegmentedCodeCache                       = true                                      {product} {ergonomic}
   size_t SoftMaxHeapSize                          = 4246732800                             {manageable} {ergonomic}
     bool UseCompressedOops                        = true                           {product lp64_product} {ergonomic}
     bool UseG1GC                                  = true                                      {product} {ergonomic}
     bool UseLargePagesIndividualAllocation        = false                                  {pd product} {ergonomic}

Logging:
Log output configuration:
 #0: stdout all=warning uptime,level,tags foldmultilines=false
 #1: stderr all=off uptime,level,tags foldmultilines=false

Release file:
IMPLEMENTOR="Oracle Corporation" 
JAVA_RUNTIME_VERSION="25.0.2+10-LTS-69" 
JAVA_VERSION="25.0.2" 
JAVA_VERSION_DATE="2026-01-20" 
LIBC="default" 
MODULES="java.base java.compiler java.datatransfer java.xml java.prefs java.desktop java.instrument java.logging java.management java.security.sasl java.naming java.rmi java.management.rmi java.net.http java.scripting java.security.jgss java.transaction.xa java.sql java.sql.rowset java.xml.crypto java.se java.smartcardio jdk.accessibility jdk.internal.jvmstat jdk.attach jdk.charsets jdk.internal.opt jdk.zipfs jdk.compiler jdk.crypto.cryptoki jdk.crypto.ec jdk.crypto.mscapi jdk.dynalink jdk.internal.ed jdk.editpad jdk.internal.vm.ci jdk.graal.compiler jdk.graal.compiler.management jdk.hotspot.agent jdk.httpserver jdk.incubator.vector jdk.internal.le jdk.internal.md jdk.jartool jdk.javadoc jdk.jcmd jdk.management jdk.management.agent jdk.jconsole jdk.jdeps jdk.jdwp.agent jdk.jdi jdk.jfr jdk.jlink jdk.jpackage jdk.jshell jdk.jsobject jdk.jstatd jdk.localedata jdk.management.jfr jdk.naming.dns jdk.naming.rmi jdk.net jdk.nio.mapmode jdk.sctp jdk.security.auth jdk.security.jgss jdk.unsupported jdk.unsupported.desktop jdk.xml.dom" 
OS_ARCH="x86_64" 
OS_NAME="Windows" 
SOURCE=".:git:b75efb40c93a open:git:405a5699ebd0" 

Environment Variables:
PATH=C:\Program Files\Common Files\Oracle\Java\javapath;C:\Program Files (x86)\Common Files\Oracle\Java\java8path;C:\Program Files (x86)\Common Files\Oracle\Java\javapath;C:\windows\system32;C:\windows;C:\windows\System32\Wbem;C:\windows\System32\WindowsPowerShell\v1.0\;C:\windows\System32\OpenSSH\;C:\Program Files\Microsoft VS Code\bin;C:\Program Files\WSL\;C:\Program Files\Neovim\bin;C:\Program Files\Git\cmd;C:\Program Files\Amazon\AWSCLIV2\;C:\Program Files\Docker\Docker\resources\bin;C:\Program Files\nodejs\;C:\Program Files\PowerShell\7\;C:\Users\sn1103042\AppData\Local\Microsoft\WindowsApps;C:\Program Files\JetBrains\IntelliJ IDEA Community Edition 2025.2.6.2\bin;C:\Users\sn1103042\AppData\Roaming\npm
USERNAME=sn1103042
OS=Windows_NT
PROCESSOR_IDENTIFIER=Intel64 Family 6 Model 158 Stepping 10, GenuineIntel
TMP=C:\Users\SN1103~1\AppData\Local\Temp
TEMP=C:\Users\SN1103~1\AppData\Local\Temp




Compilation memory statistics disabled.

Periodic native trim disabled

---------------  S Y S T E M  ---------------

OS:
 Windows 11 , 64 bit Build 26100 (10.0.26100.9168)
OS uptime: 0 days 1:38 hours
Hyper-V role detected

CPU: total 6 (initial active 6) (6 cores per cpu, 1 threads per core) family 6 model 158 stepping 10 microcode 0xfa, cx8, cmov, fxsr, mmx, 3dnowpref, sse, sse2, sse3, ssse3, sse4.1, sse4.2, popcnt, lzcnt, tsc, tscinvbit, avx, avx2, aes, erms, clmul, bmi1, bmi2, rtm, adx, fma, vzeroupper, clflush, clflushopt, hv, rdtscp, f16c
Processor Information for the first 6 processors :
  Max Mhz: 3000, Current Mhz: 3000, Mhz Limit: 3000

Memory: 4k page, system-wide physical 16193M (6989M free)
TotalPageFile size 18625M (AvailPageFile size 6712M)
current process WorkingSet (physical memory assigned to process): 155M, peak: 165M
current process commit charge ("private bytes"): 213M, peak: 399M

vm_info: Java HotSpot(TM) 64-Bit Server VM (25.0.2+10-LTS-69) for windows-amd64 JRE (25.0.2+10-LTS-69), built on 2025-12-18T11:36:35Z with MS VC++ 17.13 (VS2022)

END.
